Expected Output are a bunch of MS. Excel xlsx spreadsheets!
